Copyright 1986-2018 Xilinx, Inc. All Rights Reserved.
-------------------------------------------------------------------------------------------------
| Tool Version : Vivado v.2018.3 (win64) Build 2405991 Thu Dec  6 23:38:27 MST 2018
| Date         : Thu Jun  4 17:58:34 2020
| Host         : DESKTOP-JLICD6R running 64-bit major release  (build 9200)
| Command      : report_utilization -file top_utilization_synth.rpt -pb top_utilization_synth.pb
| Design       : top
| Device       : xczu9egffvb1156-2
| Design State : Synthesized
-------------------------------------------------------------------------------------------------

Utilization Design Information

Table of Contents
-----------------
1. CLB Logic
1.1 Summary of Registers by Type
2. BLOCKRAM
3. ARITHMETIC
4. I/O
5. CLOCK
6. ADVANCED
7. CONFIGURATION
8. Primitives
9. Black Boxes
10. Instantiated Netlists

1. CLB Logic
------------

+----------------------------+-------+-------+-----------+-------+
|          Site Type         |  Used | Fixed | Available | Util% |
+----------------------------+-------+-------+-----------+-------+
| CLB LUTs*                  | 29295 |     0 |    274080 | 10.69 |
|   LUT as Logic             | 28531 |     0 |    274080 | 10.41 |
|   LUT as Memory            |   764 |     0 |    144000 |  0.53 |
|     LUT as Distributed RAM |   408 |     0 |           |       |
|     LUT as Shift Register  |   356 |     0 |           |       |
| CLB Registers              | 34678 |     0 |    548160 |  6.33 |
|   Register as Flip Flop    | 34678 |     0 |    548160 |  6.33 |
|   Register as Latch        |     0 |     0 |    548160 |  0.00 |
| CARRY8                     |  1781 |     0 |     34260 |  5.20 |
| F7 Muxes                   |  2475 |     0 |    137040 |  1.81 |
| F8 Muxes                   |  1100 |     0 |     68520 |  1.61 |
| F9 Muxes                   |     0 |     0 |     34260 |  0.00 |
+----------------------------+-------+-------+-----------+-------+
* Warning! The Final LUT count, after physical optimizations and full implementation, is typically lower. Run opt_design after synthesis, if not already completed, for a more realistic count.


1.1 Summary of Registers by Type
--------------------------------

+-------+--------------+-------------+--------------+
| Total | Clock Enable | Synchronous | Asynchronous |
+-------+--------------+-------------+--------------+
| 0     |            _ |           - |            - |
| 0     |            _ |           - |          Set |
| 0     |            _ |           - |        Reset |
| 0     |            _ |         Set |            - |
| 0     |            _ |       Reset |            - |
| 0     |          Yes |           - |            - |
| 169   |          Yes |           - |          Set |
| 18407 |          Yes |           - |        Reset |
| 73    |          Yes |         Set |            - |
| 16029 |          Yes |       Reset |            - |
+-------+--------------+-------------+--------------+


2. BLOCKRAM
-----------

+-------------------+------+-------+-----------+-------+
|     Site Type     | Used | Fixed | Available | Util% |
+-------------------+------+-------+-----------+-------+
| Block RAM Tile    | 76.5 |     0 |       912 |  8.39 |
|   RAMB36/FIFO*    |   64 |     0 |       912 |  7.02 |
|     RAMB36E2 only |   64 |       |           |       |
|   RAMB18          |   25 |     0 |      1824 |  1.37 |
|     RAMB18E2 only |   25 |       |           |       |
+-------------------+------+-------+-----------+-------+
* Note: Each Block RAM Tile only has one FIFO logic available and therefore can accommodate only one FIFO36E2 or one FIFO18E2. However, if a FIFO18E2 occupies a Block RAM Tile, that tile can still accommodate a RAMB18E2


3. ARITHMETIC
-------------

+-----------+------+-------+-----------+-------+
| Site Type | Used | Fixed | Available | Util% |
+-----------+------+-------+-----------+-------+
| DSPs      |    0 |     0 |      2520 |  0.00 |
+-----------+------+-------+-----------+-------+


4. I/O
------

+------------+------+-------+-----------+-------+
|  Site Type | Used | Fixed | Available | Util% |
+------------+------+-------+-----------+-------+
| Bonded IOB |  135 |     0 |       328 | 41.16 |
+------------+------+-------+-----------+-------+


5. CLOCK
--------

+----------------------+------+-------+-----------+-------+
|       Site Type      | Used | Fixed | Available | Util% |
+----------------------+------+-------+-----------+-------+
| GLOBAL CLOCK BUFFERs |    7 |     0 |       404 |  1.73 |
|   BUFGCE             |    6 |     0 |       116 |  5.17 |
|   BUFGCE_DIV         |    0 |     0 |        16 |  0.00 |
|   BUFG_GT            |    0 |     0 |       168 |  0.00 |
|   BUFG_PS            |    1 |     0 |        72 |  1.39 |
|   BUFGCTRL*          |    0 |     0 |        32 |  0.00 |
| PLL                  |    0 |     0 |         8 |  0.00 |
| MMCM                 |    2 |     0 |         4 | 50.00 |
+----------------------+------+-------+-----------+-------+
* Note: Each used BUFGCTRL counts as two global buffer resources. This table does not include global clocking resources, only buffer cell usage. See the Clock Utilization Report (report_clock_utilization) for detailed accounting of global clocking resource availability.


6. ADVANCED
-----------

+-----------------+------+-------+-----------+--------+
|    Site Type    | Used | Fixed | Available |  Util% |
+-----------------+------+-------+-----------+--------+
| GTHE4_CHANNEL   |    0 |     0 |        24 |   0.00 |
| GTHE4_COMMON    |    0 |     0 |         6 |   0.00 |
| OBUFDS_GTE4     |    0 |     0 |        12 |   0.00 |
| OBUFDS_GTE4_ADV |    0 |     0 |        12 |   0.00 |
| PS8             |    1 |     0 |         1 | 100.00 |
| SYSMONE4        |    0 |     0 |         1 |   0.00 |
+-----------------+------+-------+-----------+--------+


7. CONFIGURATION
----------------

+-------------+------+-------+-----------+-------+
|  Site Type  | Used | Fixed | Available | Util% |
+-------------+------+-------+-----------+-------+
| BSCANE2     |    0 |     0 |         4 |  0.00 |
| DNA_PORTE2  |    0 |     0 |         1 |  0.00 |
| EFUSE_USR   |    0 |     0 |         1 |  0.00 |
| FRAME_ECCE4 |    0 |     0 |         1 |  0.00 |
| ICAPE3      |    0 |     0 |         2 |  0.00 |
| MASTER_JTAG |    0 |     0 |         1 |  0.00 |
| STARTUPE3   |    0 |     0 |         1 |  0.00 |
+-------------+------+-------+-----------+-------+


8. Primitives
-------------

+------------+-------+---------------------+
|  Ref Name  |  Used | Functional Category |
+------------+-------+---------------------+
| FDCE       | 18407 |            Register |
| FDRE       | 16029 |            Register |
| LUT2       | 10463 |                 CLB |
| LUT6       |  9867 |                 CLB |
| LUT4       |  5726 |                 CLB |
| LUT3       |  5133 |                 CLB |
| LUT5       |  3440 |                 CLB |
| MUXF7      |  2475 |                 CLB |
| CARRY8     |  1781 |                 CLB |
| MUXF8      |  1100 |                 CLB |
| LUT1       |   793 |                 CLB |
| RAMD32     |   490 |                 CLB |
| SRLC32E    |   299 |                 CLB |
| SRL16E     |   227 |                 CLB |
| FDPE       |   169 |            Register |
| RAMD64E    |   128 |                 CLB |
| IBUFCTRL   |   112 |              Others |
| INBUF      |   111 |                 I/O |
| FDSE       |    73 |            Register |
| RAMS32     |    70 |                 CLB |
| RAMB36E2   |    64 |           Block Ram |
| RAMB18E2   |    25 |           Block Ram |
| OBUF       |    22 |                 I/O |
| BUFGCE     |     6 |               Clock |
| SRLC16E    |     2 |                 CLB |
| MMCME4_ADV |     2 |               Clock |
| PS8        |     1 |            Advanced |
| OBUFT      |     1 |                 I/O |
| DIFFINBUF  |     1 |                 I/O |
| BUFG_PS    |     1 |               Clock |
+------------+-------+---------------------+


9. Black Boxes
--------------

+------------+------+
|  Ref Name  | Used |
+------------+------+
| dbg_hub_CV |    1 |
+------------+------+


10. Instantiated Netlists
-------------------------

+----------+------+
| Ref Name | Used |
+----------+------+


